C51 COMPILER V9.54   PWM                                                                   03/17/2023 22:09:49 PAGE 1   


C51 COMPILER V9.54, COMPILATION OF MODULE PWM
OBJECT MODULE PLACED IN .\Objects\PWM.obj
COMPILER INVOKED BY: E:\D\51\keil51\Keil5 C51\keil51\C51\BIN\C51.EXE PWM.c OPTIMIZE(8,SPEED) BROWSE DEBUG OBJECTEXTEND P
                    -RINT(.\Listings\PWM.lst) OBJECT(.\Objects\PWM.obj)

line level    source

   1          #include "PWM.h"
   2          
   3          void PWM_DSQ_1_Init(){
   4   1              AUXR |= 0x40;           //定时器时钟1T模式
   5   1              TMOD &= 0x0F;           //设置定时器模式
   6   1              TL1 = 0x88;             //设置定时初值
   7   1              TH1 = 0xFF;             //设置定时初值
   8   1              TF1 = 0;                //清除TF1标志
   9   1              TR1 = 1;                //定时器1开始计时
  10   1              ET1=1;
  11   1              EA=1;
  12   1      }


MODULE INFORMATION:   STATIC OVERLAYABLE
   CODE SIZE        =     21    ----
   CONSTANT SIZE    =   ----    ----
   XDATA SIZE       =   ----    ----
   PDATA SIZE       =   ----    ----
   DATA SIZE        =   ----    ----
   IDATA SIZE       =   ----    ----
   BIT SIZE         =   ----    ----
END OF MODULE INFORMATION.


C51 COMPILATION COMPLETE.  0 WARNING(S),  0 ERROR(S)
