C51 COMPILER V9.54   MAIN                                                                  03/24/2023 14:44:25 PAGE 1   


C51 COMPILER V9.54, COMPILATION OF MODULE MAIN
OBJECT MODULE PLACED IN .\Objects\main.obj
COMPILER INVOKED BY: E:\D\51\keil51\Keil5 C51\keil51\C51\BIN\C51.EXE main.c OPTIMIZE(8,SPEED) BROWSE DEBUG OBJECTEXTEND 
                    -PRINT(.\Listings\main.lst) OBJECT(.\Objects\main.obj)

line level    source

   1          #include "main.h"
   2          
   3          uchar key_num;
   4          uchar XianShi_JieMian=0;//显示界面。0：数据界面；1：参数界面；2：计数界面
   5          long int JiShuZhi=0;//计数值
   6          char DianYa_CanShu=0;//电压参数
   7          uint AIN3_DianYa=0;//AIN3的电压
   8          uint AIN3_DianYa_old=0;
   9          uchar AIN3_time=0;
  10          uint L1_time=0;
  11          uchar WuXiao_AnJian_num=0;//无效按键次数
  12          
  13          void main(){
  14   1              Init_BZ();
  15   1              SMG_Init();
  16   1              DSQ_2_Init();
  17   1              JZKey_Init();
  18   1              DianYa_CanShu=IIC_EEPROM_GetData(0);
  19   1              while(1){
  20   2                      key_num=JZKey_GetKeynum();
  21   2                      if(key_num==12){
  22   3                              WuXiao_AnJian_num=0;
  23   3                              XianShi_JieMian++;
  24   3                              XianShi_JieMian=XianShi_JieMian%3;
  25   3                              if(XianShi_JieMian==2){
  26   4                                      IIC_EEPROM_XieData(0,DianYa_CanShu);
  27   4                              }
  28   3                      }
  29   2                      else if(key_num==13){
  30   3                              WuXiao_AnJian_num=0;
  31   3                              if(XianShi_JieMian==2){
  32   4                                      JiShuZhi=0;
  33   4                              }
  34   3                      }
  35   2                      else if(key_num==16&&XianShi_JieMian==1){
  36   3                              WuXiao_AnJian_num=0;
  37   3                              DianYa_CanShu=DianYa_CanShu+5;
  38   3                              if(DianYa_CanShu>50){
  39   4                                      DianYa_CanShu=0;
  40   4                              }
  41   3                      }
  42   2                      else if(key_num==17&&XianShi_JieMian==1){
  43   3                              WuXiao_AnJian_num=0;
  44   3                              DianYa_CanShu=DianYa_CanShu-5;
  45   3                              if(DianYa_CanShu<0){
  46   4                                      DianYa_CanShu=50;
  47   4                              }
  48   3                      }
  49   2                      else if(key_num>0){
  50   3                              WuXiao_AnJian_num++;
  51   3                              if(WuXiao_AnJian_num>=3){
  52   4                                      WuXiao_AnJian_num=3;
  53   4                              }
  54   3                      }
C51 COMPILER V9.54   MAIN                                                                  03/24/2023 14:44:25 PAGE 2   

  55   2                      
  56   2                      if(AIN3_time>=30){
  57   3                              AIN3_time=0;
  58   3                              AIN3_DianYa_old=AIN3_DianYa;
  59   3                              AIN3_DianYa=IIC_ADC_GetData(3)*1.0*(500.0/255.0);
  60   3                              if(AIN3_DianYa_old>AIN3_DianYa&&AIN3_DianYa_old>(DianYa_CanShu*10)&&AIN3_DianYa<(DianYa_CanShu*10)){
  61   4                                      JiShuZhi++;
  62   4                              }
  63   3                      }
  64   2              }
  65   1      }
  66          
  67          void DSQ_2_ZD() interrupt 12{
  68   1              AIN3_time++;
  69   1              
  70   1              if(AIN3_DianYa<DianYa_CanShu*10){
  71   2                      L1_time++;
  72   2                      if(L1_time>5000){
  73   3                              L1_time=5001;
  74   3                      }
  75   2              }
  76   1              else{
  77   2                      L1_time=0;
  78   2              }
  79   1              
  80   1              switch(XianShi_JieMian){
  81   2                      case 0:{
  82   3                              SMG_Show(25,16,16,16,16,(AIN3_DianYa/100)+32,(AIN3_DianYa/10)%10,AIN3_DianYa%10);
  83   3                              break;
  84   3                      }
  85   2                      case 1:{
  86   3                              SMG_Show(24,16,16,16,16,(DianYa_CanShu/10)+32,DianYa_CanShu%10,0);
  87   3                              break;
  88   3                      }
  89   2                      case 2:{
  90   3                              if(JiShuZhi>=1000000){
  91   4                                      SMG_Show(22,JiShuZhi/1000000,(JiShuZhi/100000)%10,(JiShuZhi/10000)%10,(JiShuZhi/1000)%10,(JiShuZhi/100
             -)%10,(JiShuZhi/10)%10,JiShuZhi%10);
  92   4                              }
  93   3                              else if(JiShuZhi>=100000){
  94   4                                      SMG_Show(22,16,JiShuZhi/100000,(JiShuZhi/10000)%10,(JiShuZhi/1000)%10,(JiShuZhi/100)%10,(JiShuZhi/10)%
             -10,JiShuZhi%10);
  95   4                              }
  96   3                              else if(JiShuZhi>=10000){
  97   4                                      SMG_Show(22,16,16,JiShuZhi/10000,(JiShuZhi/1000)%10,(JiShuZhi/100)%10,(JiShuZhi/10)%10,JiShuZhi%10);
  98   4                              }
  99   3                              else if(JiShuZhi>=1000){
 100   4                                      SMG_Show(22,16,16,16,JiShuZhi/1000,(JiShuZhi/100)%10,(JiShuZhi/10)%10,JiShuZhi%10);
 101   4                              }
 102   3                              else if(JiShuZhi>=100){
 103   4                                      SMG_Show(22,16,16,16,16,JiShuZhi/100,(JiShuZhi/10)%10,JiShuZhi%10);
 104   4                              }
 105   3                              else if(JiShuZhi>=10){
 106   4                                      SMG_Show(22,16,16,16,16,16,JiShuZhi/10,JiShuZhi%10);
 107   4                              }
 108   3                              else if(JiShuZhi>=0){
 109   4                                      SMG_Show(22,16,16,16,16,16,16,JiShuZhi);
 110   4                              }
 111   3                              break;
 112   3                      }
 113   2              }
 114   1              
C51 COMPILER V9.54   MAIN                                                                  03/24/2023 14:44:25 PAGE 3   

 115   1              LED_Show();
 116   1      }
 117          
 118          void LED_Show(){
 119   1              uchar L1=0xff;
 120   1              uchar L2=0xff;
 121   1              uchar L3=0xff;
 122   1              if(L1_time>5000){
 123   2                      L1=0xfe;
 124   2              }
 125   1              if(JiShuZhi%2){
 126   2                      L2=0xfd;
 127   2              }
 128   1              if(WuXiao_AnJian_num>=3){
 129   2                      L3=0xfb;
 130   2              }
 131   1              P0=L1&L2&L3;
 132   1              P2=(P2&0x1f)|0x80;
 133   1              P2=(P2&0x1f)|0x00;
 134   1      }


MODULE INFORMATION:   STATIC OVERLAYABLE
   CODE SIZE        =   1775    ----
   CONSTANT SIZE    =   ----    ----
   XDATA SIZE       =   ----    ----
   PDATA SIZE       =   ----    ----
   DATA SIZE        =     15       3
   IDATA SIZE       =   ----    ----
   BIT SIZE         =   ----    ----
END OF MODULE INFORMATION.


C51 COMPILATION COMPLETE.  0 WARNING(S),  0 ERROR(S)
