C51 COMPILER V9.54   MAIN                                                                  03/21/2023 19:40:09 PAGE 1   


C51 COMPILER V9.54, COMPILATION OF MODULE MAIN
OBJECT MODULE PLACED IN .\Objects\main.obj
COMPILER INVOKED BY: E:\D\51\keil51\Keil5 C51\keil51\C51\BIN\C51.EXE main.c OPTIMIZE(8,SPEED) BROWSE DEBUG OBJECTEXTEND 
                    -PRINT(.\Listings\main.lst) OBJECT(.\Objects\main.obj)

line level    source

   1          #include "main.h"
   2          
   3          uchar pwm;
   4          uchar pwm_time=0;
   5          uchar QiDong_TingZhi=0;//启动停止。0：停止；1：启动。
   6          uchar key_num;
   7          uchar SheZhi=0;//设置。0：数码管全熄灭；1：模式编号；2流转间隔
   8          uchar MoShi_BianHao=1;//模式编号。1-4
   9          uchar MoShi_BianHao_temp=1;//模式编号临时值。1-4
  10          uchar LiuZhuan_JianGe[4];//流转间隔
  11          uchar LiuZhuan_JianGe_temp;//流转间隔临时值
  12          uchar LiangDu_DengJi_flag=0;//亮度等级标志位。0：不显示亮度等级；1：显示亮度等级
  13          uint XianShi_DanYuan_time=0;//显示单元的时间。
  14          uchar LiangDu_DengJi;//亮度等级
  15          uchar LiangDu;//亮度
  16          uchar EEPROM_Data_flag;//EEPROM数据标志位
  17          uchar code MoShi1_2[]={0xfe,0xfd,0xfb,0xf7,0xef,0xdf,0xbf,0x7f};
  18          uchar code MoShi3_4[]={0xe7,0xdb,0xbd,0x7e};
  19          uint time=0;
  20          char num=0;
  21          uchar ADC_time=0;
  22          
  23          unsigned char DLKey_GetKeynum(){
  24   1              unsigned char Key_num=0;
  25   1              if(P30==0){
  26   2                      Delay10ms();
  27   2                      if(P30==0){
  28   3                              Key_num=7;
  29   3                      }
  30   2                      while(P30==0);
  31   2              }
  32   1              else if(P31==0){
  33   2                      Delay10ms();
  34   2                      if(P31==0){
  35   3                              Key_num=6;
  36   3                      }
  37   2                      while(P31==0);
  38   2              }
  39   1              else if(P32==0){
  40   2                      Delay10ms();
  41   2                      if(P32==0){
  42   3                              Key_num=5;
  43   3                      }
  44   2                      while(P32==0);
  45   2              }
  46   1              else if(P33==0){
  47   2                      Delay10ms();
  48   2                      if(P33==0){
  49   3                              Key_num=4;
  50   3                      }
  51   2                      if(SheZhi>0){
  52   3                              while(P33==0);
  53   3                      }
  54   2              }
C51 COMPILER V9.54   MAIN                                                                  03/21/2023 19:40:09 PAGE 2   

  55   1              DLKey_Init();
  56   1              return Key_num;
  57   1      }
  58          
  59          void main(){
  60   1              uchar i;
  61   1              Init_BZ();
  62   1              SMG_Init();
  63   1              DSQ_2_Init();
  64   1              PWM_DSQ_1_Init();
  65   1              EEPROM_Data_flag=IIC_EEPROM_GetData(10);
  66   1              Delay10ms();
  67   1              if(EEPROM_Data_flag!=10){
  68   2                      IIC_EEPROM_XieData(10,10);
  69   2                      Delay10ms();
  70   2                      for(i=11;i<=14;i++){
  71   3                              IIC_EEPROM_XieData(i,4);
  72   3                              Delay10ms();
  73   3                      }
  74   2              }
  75   1              Delay10ms();
  76   1              for(i=0;i<=3;i++){
  77   2                      LiuZhuan_JianGe[i]=IIC_EEPROM_GetData(i+11);
  78   2                      Delay10ms();
  79   2              }
  80   1              while(1){
  81   2                      key_num=DLKey_GetKeynum();
  82   2                      if(key_num==7){
  83   3                              QiDong_TingZhi++;
  84   3                              QiDong_TingZhi=QiDong_TingZhi%2;
  85   3                              if(QiDong_TingZhi){
  86   4                                      ET1=1;
  87   4                              }
  88   3                              else{
  89   4                                      ET1=0;
  90   4                              }
  91   3                      }
  92   2                      else if(key_num==6){
  93   3                              SheZhi++;
  94   3                              SheZhi=SheZhi%3;
  95   3                              if(SheZhi==0){
  96   4                                      LiuZhuan_JianGe[MoShi_BianHao_temp-1]=LiuZhuan_JianGe_temp;
  97   4                                      MoShi_BianHao=MoShi_BianHao_temp;
  98   4                                      IIC_EEPROM_XieData(MoShi_BianHao+10,LiuZhuan_JianGe_temp);
  99   4                                      num=0;
 100   4                              }
 101   3                              else if(SheZhi==1){
 102   4                                      MoShi_BianHao_temp=MoShi_BianHao;
 103   4                                      LiuZhuan_JianGe_temp=LiuZhuan_JianGe[MoShi_BianHao-1];
 104   4                              }
 105   3                      }
 106   2                      else if(key_num==5){
 107   3                              if(SheZhi==1){
 108   4                                      MoShi_BianHao_temp++;
 109   4                                      if(MoShi_BianHao_temp>=4){
 110   5                                              MoShi_BianHao_temp=4;
 111   5                                      }
 112   4                                      LiuZhuan_JianGe_temp=LiuZhuan_JianGe[MoShi_BianHao_temp-1];
 113   4                              }
 114   3                              else if(SheZhi==2){
 115   4                                      LiuZhuan_JianGe_temp++;
 116   4                                      if(LiuZhuan_JianGe_temp>=12){
C51 COMPILER V9.54   MAIN                                                                  03/21/2023 19:40:09 PAGE 3   

 117   5                                              LiuZhuan_JianGe_temp=12;
 118   5                                      }
 119   4                              }
 120   3                      }
 121   2                      else if(key_num==4){
 122   3                              if(SheZhi==0){
 123   4                                      LiangDu_DengJi_flag=1;
 124   4                              }
 125   3                              else if(SheZhi==1){
 126   4                                      MoShi_BianHao_temp--;
 127   4                                      if(MoShi_BianHao_temp<=1){
 128   5                                              MoShi_BianHao_temp=1;
 129   5                                      }
 130   4                                      LiuZhuan_JianGe_temp=LiuZhuan_JianGe[MoShi_BianHao_temp-1];
 131   4                              }
 132   3                              else if(SheZhi==2){
 133   4                                      LiuZhuan_JianGe_temp--;
 134   4                                      if(LiuZhuan_JianGe_temp<=4){
 135   5                                              LiuZhuan_JianGe_temp=4;
 136   5                                      }
 137   4                              }
 138   3                      }
 139   2                      else{
 140   3                              LiangDu_DengJi_flag=0;
 141   3                      }
 142   2                      
 143   2                      if(ADC_time>=3){
 144   3                              ADC_time=0;
 145   3                              LiangDu=IIC_ADC_GetData(3);
 146   3                              if(0<=LiangDu&&LiangDu<63){
 147   4                                      LiangDu_DengJi=1;
 148   4                                      pwm=10;
 149   4                              }
 150   3                              else if(63<=LiangDu&&LiangDu<126){
 151   4                                      LiangDu_DengJi=2;
 152   4                                      pwm=40;
 153   4                              }
 154   3                              else if(126<=LiangDu&&LiangDu<=189){
 155   4                                      LiangDu_DengJi=3;
 156   4                                      pwm=70;
 157   4                              }
 158   3                              else{
 159   4                                      LiangDu_DengJi=4;
 160   4                                      pwm=100;
 161   4                              }
 162   3                      }
 163   2              }
 164   1      }
 165          
 166          void DSQ_2_ZD() interrupt 12{
 167   1              ADC_time++;
 168   1              
 169   1              if(QiDong_TingZhi){
 170   2                      time++;
 171   2                      if(time>=LiuZhuan_JianGe[MoShi_BianHao-1]*100){
 172   3                              time=0;
 173   3                              if(MoShi_BianHao==1){
 174   4                                      num++;
 175   4                                      num=num%8;
 176   4                              }
 177   3                              else if(MoShi_BianHao==2){
 178   4                                      num--;
C51 COMPILER V9.54   MAIN                                                                  03/21/2023 19:40:09 PAGE 4   

 179   4                                      if(num<0){
 180   5                                              num=7;
 181   5                                      }
 182   4                              }
 183   3                              else if(MoShi_BianHao==3){
 184   4                                      num++;
 185   4                                      num=num%4;
 186   4                              }
 187   3                              else if(MoShi_BianHao==4){
 188   4                                      num--;
 189   4                                      if(num<0){
 190   5                                              num=3;
 191   5                                      }
 192   4                              }
 193   3                      }
 194   2              }
 195   1              
 196   1              XianShi_DanYuan_time++;
 197   1              if(XianShi_DanYuan_time>=1600){
 198   2                      XianShi_DanYuan_time=0;
 199   2              }
 200   1              switch(SheZhi){
 201   2                      case 0:{
 202   3                              if(LiangDu_DengJi_flag){
 203   4                                      SMG_Show(16,16,16,16,16,16,17,LiangDu_DengJi);
 204   4                              }
 205   3                              else{
 206   4                                      SMG_Show(16,16,16,16,16,16,16,16);
 207   4                              }
 208   3                              break;
 209   3                      }
 210   2                      case 1:{
 211   3                              if(XianShi_DanYuan_time<800){
 212   4                                      if(LiuZhuan_JianGe_temp>=10){
 213   5                                              SMG_Show(17,MoShi_BianHao_temp,17,16,LiuZhuan_JianGe_temp/10,LiuZhuan_JianGe_temp%10,0,0);
 214   5                                      }
 215   4                                      else if(LiuZhuan_JianGe_temp>=0){
 216   5                                              SMG_Show(17,MoShi_BianHao_temp,17,16,16,LiuZhuan_JianGe_temp,0,0);
 217   5                                      }
 218   4                              }
 219   3                              else{
 220   4                                      if(LiuZhuan_JianGe_temp>=10){
 221   5                                              SMG_Show(16,16,16,16,LiuZhuan_JianGe_temp/10,LiuZhuan_JianGe_temp%10,0,0);
 222   5                                      }
 223   4                                      else if(LiuZhuan_JianGe_temp>=0){
 224   5                                              SMG_Show(16,16,16,16,16,LiuZhuan_JianGe_temp,0,0);
 225   5                                      }
 226   4                              }
 227   3                              break;
 228   3                      }
 229   2                      case 2:{
 230   3                              if(XianShi_DanYuan_time<800){
 231   4                                      if(LiuZhuan_JianGe_temp>=10){
 232   5                                              SMG_Show(17,MoShi_BianHao_temp,17,16,LiuZhuan_JianGe_temp/10,LiuZhuan_JianGe_temp%10,0,0);
 233   5                                      }
 234   4                                      else if(LiuZhuan_JianGe_temp>=0){
 235   5                                              SMG_Show(17,MoShi_BianHao_temp,17,16,16,LiuZhuan_JianGe_temp,0,0);
 236   5                                      }
 237   4                              }
 238   3                              else{
 239   4                                      SMG_Show(17,MoShi_BianHao_temp,17,16,16,16,16,16);
 240   4                              }
C51 COMPILER V9.54   MAIN                                                                  03/21/2023 19:40:09 PAGE 5   

 241   3                              break;
 242   3                      }
 243   2              }
 244   1      }
 245          
 246          void DSQ_1_ZD() interrupt 3{
 247   1              if(QiDong_TingZhi){
 248   2                      pwm_time++;
 249   2                      if(pwm_time<pwm){
 250   3                              if(MoShi_BianHao==1||MoShi_BianHao==2){
 251   4                                      P0=0xff&MoShi1_2[num];
 252   4                              }
 253   3                              else if(MoShi_BianHao==3||MoShi_BianHao==4){
 254   4                                      P0=0xff&MoShi3_4[num];
 255   4                              }
 256   3                      }
 257   2                      else if(pwm_time>=pwm&&pwm_time<=100){
 258   3                              P0=0xff;
 259   3                      }
 260   2                      else if(pwm_time>=101){
 261   3                              pwm_time=0;
 262   3                              P0=0xff;
 263   3                      }
 264   2                      P2=(P2&0x1f)|0x80;
 265   2                      P2=(P2&0x1f)|0x00;
 266   2              }
 267   1      }


MODULE INFORMATION:   STATIC OVERLAYABLE
   CODE SIZE        =   1211    ----
   CONSTANT SIZE    =     12    ----
   XDATA SIZE       =   ----    ----
   PDATA SIZE       =   ----    ----
   DATA SIZE        =     22       2
   IDATA SIZE       =   ----    ----
   BIT SIZE         =   ----    ----
END OF MODULE INFORMATION.


C51 COMPILATION COMPLETE.  0 WARNING(S),  0 ERROR(S)
